Job 15382415  node=node1603  started=Wed Jun  3 15:30:35 EDT 2026
================================================================================================
Extrapolation test: fit on N ≤ 30M, predict held-out 190M / 370M / 600M
================================================================================================

Small-N fit set (N ≤ 30M): n=103
  14m: 1ep=0, rep=0, para=20
  30m: 1ep=9, rep=46, para=28

Held-out targets {190M, 370M, 600M}: n=106
  190m: 1ep=9, rep=28, para=18
  370m: 1ep=8, rep=27, para=9
  600m: 1ep=7, rep=0, para=0

[Anchored fit] warm-start from §6 TRIPLE k=15 anchors, optimize on n=103 small-N points...
  (anchored fit before residual drop)
    Chinchilla: E=1.0063  A=215.86  B=6427.74  α=0.2704  β=0.3924
    η_rep:      log K=11.18  ρ=+0.172  σ=-0.468
    η_para:     log K=30.58  ρ=-1.395  σ=-0.784
  (canonical k=15)
    Chinchilla: E=1.1759  A=194.40  B=1257884.86  α=0.2581  β=0.6606
    η_rep:      log K=11.18  ρ=+0.044  σ=-0.466
    η_para:     log K=30.58  ρ=-1.407  σ=-0.826

================================================================================================
In-sample (small-N fit, k=15) RMSE on the fit set:
================================================================================================

  small-N in-sample  (103 points)
    subset                   n      RMSE    max|Δ|      mean
    14m para              20    0.0365    0.1290   -0.0114
    30m 1ep                9    0.3069    0.7819   -0.1557
    30m rep               46    0.0846    0.4586   -0.0258
    30m para              28    0.0233    0.0535   +0.0100
    TOTAL                  103    0.1088    0.7819   -0.0246

================================================================================================
Out-of-sample RMSE on held-out N ∈ {190M, 370M, 600M}:
================================================================================================

  held-out predictions  (106 points)
    subset                   n      RMSE    max|Δ|      mean
    190m 1ep                9    0.0794    0.1725   +0.0515
    190m rep               28    0.0556    0.1779   +0.0360
    190m para              18    0.0593    0.0738   +0.0582
    370m 1ep                8    0.1134    0.2262   +0.0946
    370m rep               27    0.0736    0.2147   +0.0641
    370m para               9    0.0936    0.1051   +0.0930
    600m 1ep                7    0.1375    0.2579   +0.1211
    TOTAL                  106    0.0793    0.2579   +0.0631

Saved /orcd/home/002/hamidieh/projects/syn_pt/OLMo-core/results/chinchilla_fit_dolma/fit_triple_extrapolate.pdf

================================================================================================
Summary: in-sample vs out-of-sample RMSE (log L)
================================================================================================
  In-sample (N ≤ 30M, n=103): RMSE = 0.1088
  190m 1ep     n=  9  RMSE=0.0794  max|Δ|=0.1725
  190m rep     n= 28  RMSE=0.0556  max|Δ|=0.1779
  190m para    n= 18  RMSE=0.0593  max|Δ|=0.0738
  370m 1ep     n=  8  RMSE=0.1134  max|Δ|=0.2262
  370m rep     n= 27  RMSE=0.0736  max|Δ|=0.2147
  370m para    n=  9  RMSE=0.0936  max|Δ|=0.1051
  600m 1ep     n=  7  RMSE=0.1375  max|Δ|=0.2579
  Held-out total (n=106): RMSE = 0.0793
finished=Wed Jun  3 15:30:56 EDT 2026
