Job 15381634  variant=drop14m  grid=para_pos  tag=drop14m_para_pos
Node: node1600
OutJSON: /home/hamidieh/projects/syn_pt/OLMo-core/results/chinchilla_fit_dolma/_onego_json/onego_drop14m_para_pos.json
Started: Wed Jun  3 15:08:48 EDT 2026
# One-go joint triple fit
#   variant      = drop14m
#   init grid    = para_pos (6144 inits)
#   scale_min_p  = 0.5
#   canonical k  = 15
# Pooled n=286 (1ep=48, rep=141, para=97)

[Stage 0] One-go 11-param joint fit with para_pos grid...
  In-sample RMSE: 0.0471
  Chinchilla: E=1.5485  A=847.17  B=7166.62  α=0.3849  β=0.3876
  η_rep:      log K=10.11  ρ=-0.634  σ=-0.347
  η_para:     log K=10.47  ρ=-1.037  σ=-0.301

[Stage 1] Iterative residual drop, k ∈ [0, 5, 10, 15, 20, 25, 30]...

    k  n_kept        E        A          B       α       β  |   lK_r    ρ_r    σ_r |   lK_p    ρ_p    σ_p |   1ep    rep    par
    0     286    1.549    847.2       7167   0.385   0.388  |  10.11  -0.63  -0.35 |  10.47  -1.04  -0.30 | 0.081  0.043  0.026
    5     281    1.604    601.9      20284   0.357   0.442  |  10.80  -0.54  -0.40 |  27.51  -1.52  -1.15 | 0.049  0.038  0.022
   10     276    1.580    456.1      28526   0.334   0.462  |  10.59  -0.37  -0.40 |  27.57  -1.38  -1.17 | 0.043  0.034  0.023
   15     271    1.642    566.1      36486   0.346   0.477  |  10.15  -0.24  -0.39 |  27.78  -1.26  -1.20 | 0.035  0.032  0.021
   20     266    1.746    920.8      43922   0.376   0.488  |   9.89  -0.17  -0.38 |  27.90  -1.20  -1.22 | 0.034  0.029  0.019
   25     261    1.800   1113.8      60227   0.387   0.505  |   9.75  -0.09  -0.38 |  27.99  -1.13  -1.24 | 0.029  0.025  0.020
   30     256    1.799    731.2     160540   0.361   0.554  |  10.02  -0.10  -0.39 |  28.03  -1.13  -1.24 | 0.018  0.022  0.020

  Canonical k=15:
    Chinchilla: E=1.6423  A=566.09  B=36486.39  α=0.3460  β=0.4770
    η_rep:      log K=10.15  ρ=-0.243  σ=-0.388
    η_para:     log K=27.78  ρ=-1.263  σ=-1.200
    RMSE — 1ep:0.0353  rep:0.0324  para:0.0213  |  kept:0.0294

  >> σ_para sign: NEG (-1.200)
  >> ρ_para sign: NEG (-1.263)

Wrote /home/hamidieh/projects/syn_pt/OLMo-core/results/chinchilla_fit_dolma/_onego_json/onego_drop14m_para_pos.json
Finished: Wed Jun  3 15:14:27 EDT 2026
