Job 15381630  variant=all  grid=para_pos  tag=all_para_pos
Node: node3306
OutJSON: /home/hamidieh/projects/syn_pt/OLMo-core/results/chinchilla_fit_dolma/_onego_json/onego_all_para_pos.json
Started: Wed Jun  3 15:08:48 EDT 2026
# One-go joint triple fit
#   variant      = all
#   init grid    = para_pos (6144 inits)
#   scale_min_p  = 0.5
#   canonical k  = 15
# Pooled n=335 (1ep=56, rep=182, para=97)

[Stage 0] One-go 11-param joint fit with para_pos grid...
  In-sample RMSE: 0.0477
  Chinchilla: E=0.9310  A=519.19  B=1198.28  α=0.3524  β=0.2906
  η_rep:      log K=15.68  ρ=-0.850  σ=-0.622
  η_para:     log K=30.84  ρ=-1.704  σ=-1.296

[Stage 1] Iterative residual drop, k ∈ [0, 5, 10, 15, 20, 25, 30]...

    k  n_kept        E        A          B       α       β  |   lK_r    ρ_r    σ_r |   lK_p    ρ_p    σ_p |   1ep    rep    par
    0     335    0.931    519.2       1198   0.352   0.291  |  15.68  -0.85  -0.62 |  30.84  -1.70  -1.30 | 0.074  0.046  0.028
    5     330    1.248    489.7       3662   0.346   0.351  |  15.56  -0.78  -0.63 |  30.84  -1.68  -1.30 | 0.061  0.043  0.024
   10     325    1.435    322.0      11359   0.318   0.412  |  11.50  -0.59  -0.43 |  30.67  -1.74  -1.28 | 0.051  0.038  0.023
   15     320    1.338    198.7      16619   0.280   0.434  |  11.18  -0.42  -0.43 |  30.55  -1.53  -1.30 | 0.043  0.035  0.024
   20     315    1.374    208.8      24220   0.280   0.456  |  11.06  -0.28  -0.43 |  30.55  -1.43  -1.32 | 0.036  0.032  0.024
   25     310    1.467    268.3      31761   0.296   0.471  |  10.96  -0.19  -0.43 |  30.57  -1.32  -1.34 | 0.035  0.029  0.023
   30     305    1.596    415.8      37996   0.324   0.481  |  10.89  -0.14  -0.44 |  30.58  -1.33  -1.34 | 0.031  0.027  0.020

  Canonical k=15:
    Chinchilla: E=1.3384  A=198.67  B=16619.17  α=0.2800  β=0.4344
    η_rep:      log K=11.18  ρ=-0.416  σ=-0.429
    η_para:     log K=30.55  ρ=-1.532  σ=-1.302
    RMSE — 1ep:0.0433  rep:0.0346  para:0.0238  |  kept:0.0332

  >> σ_para sign: NEG (-1.302)
  >> ρ_para sign: NEG (-1.532)

Wrote /home/hamidieh/projects/syn_pt/OLMo-core/results/chinchilla_fit_dolma/_onego_json/onego_all_para_pos.json
Finished: Wed Jun  3 15:14:24 EDT 2026
