Job 15381632  variant=drop14m  grid=default  tag=drop14m_default
Node: node3106
OutJSON: /home/hamidieh/projects/syn_pt/OLMo-core/results/chinchilla_fit_dolma/_onego_json/onego_drop14m_default.json
Started: Wed Jun  3 15:08:48 EDT 2026
# One-go joint triple fit
#   variant      = drop14m
#   init grid    = default (6144 inits)
#   scale_min_p  = 0.5
#   canonical k  = 15
# Pooled n=286 (1ep=48, rep=141, para=97)

[Stage 0] One-go 11-param joint fit with default grid...
  In-sample RMSE: 0.0468
  Chinchilla: E=1.5517  A=968.53  B=6959.11  α=0.3934  β=0.3859
  η_rep:      log K=9.92  ρ=-0.635  σ=-0.337
  η_para:     log K=14.15  ρ=-1.138  σ=-0.488

[Stage 1] Iterative residual drop, k ∈ [0, 5, 10, 15, 20, 25, 30]...

    k  n_kept        E        A          B       α       β  |   lK_r    ρ_r    σ_r |   lK_p    ρ_p    σ_p |   1ep    rep    par
    0     286    1.552    968.5       6959   0.393   0.386  |   9.92  -0.63  -0.34 |  14.15  -1.14  -0.49 | 0.080  0.043  0.024
    5     281    1.633    725.4      20347   0.370   0.442  |  10.74  -0.54  -0.39 |  27.49  -1.52  -1.15 | 0.049  0.038  0.022
   10     276    1.579    455.6      28178   0.334   0.462  |  10.56  -0.37  -0.40 |  27.55  -1.37  -1.17 | 0.043  0.034  0.023
   15     271    1.642    565.4      36485   0.346   0.477  |  10.16  -0.24  -0.39 |  27.74  -1.26  -1.20 | 0.035  0.032  0.021
   20     266    1.740    881.5      43990   0.374   0.488  |   9.92  -0.17  -0.38 |  27.85  -1.20  -1.21 | 0.034  0.029  0.019
   25     261    1.805   1147.0      60964   0.389   0.506  |   9.76  -0.09  -0.38 |  27.94  -1.10  -1.24 | 0.029  0.025  0.020
   30     256    1.822    836.1     157519   0.369   0.553  |   9.88  -0.11  -0.38 |  27.97  -1.15  -1.23 | 0.018  0.022  0.020

  Canonical k=15:
    Chinchilla: E=1.6420  A=565.43  B=36485.15  α=0.3460  β=0.4770
    η_rep:      log K=10.16  ρ=-0.243  σ=-0.389
    η_para:     log K=27.74  ρ=-1.261  σ=-1.199
    RMSE — 1ep:0.0353  rep:0.0324  para:0.0213  |  kept:0.0294

  >> σ_para sign: NEG (-1.199)
  >> ρ_para sign: NEG (-1.261)

Wrote /home/hamidieh/projects/syn_pt/OLMo-core/results/chinchilla_fit_dolma/_onego_json/onego_drop14m_default.json
Finished: Wed Jun  3 15:14:41 EDT 2026
